// Jest Snapshot v1, https://goo.gl/fbAQLP

exports[`test if NotMatch renders correctly 1`] = `
<div>
  <div>
    <h1
      style={
        Object {
          "color": "red",
          "fontSize": "25px",
          "marginTop": "5rem",
          "textAlign": "center",
        }
      }
    >
      There is nothing on this page
    </h1>
  </div>
</div>
`;
